Archive member included to satisfy reference by file (symbol)

d:/at32ide/platform/tools/gcc-arm-none-eabi-10.3-2021.10/bin/../lib/gcc/arm-none-eabi/10.3.1/../../../../arm-none-eabi/lib/thumb/v7e-m+fp/hard\libg_nano.a(lib_a-exit.o)
                              d:/at32ide/platform/tools/gcc-arm-none-eabi-10.3-2021.10/bin/../lib/gcc/arm-none-eabi/10.3.1/../../../../arm-none-eabi/lib/thumb/v7e-m+fp/hard/crt0.o (exit)
d:/at32ide/platform/tools/gcc-arm-none-eabi-10.3-2021.10/bin/../lib/gcc/arm-none-eabi/10.3.1/../../../../arm-none-eabi/lib/thumb/v7e-m+fp/hard\libg_nano.a(lib_a-impure.o)
                              d:/at32ide/platform/tools/gcc-arm-none-eabi-10.3-2021.10/bin/../lib/gcc/arm-none-eabi/10.3.1/../../../../arm-none-eabi/lib/thumb/v7e-m+fp/hard\libg_nano.a(lib_a-exit.o) (_global_impure_ptr)
d:/at32ide/platform/tools/gcc-arm-none-eabi-10.3-2021.10/bin/../lib/gcc/arm-none-eabi/10.3.1/../../../../arm-none-eabi/lib/thumb/v7e-m+fp/hard\libg_nano.a(lib_a-init.o)
                              d:/at32ide/platform/tools/gcc-arm-none-eabi-10.3-2021.10/bin/../lib/gcc/arm-none-eabi/10.3.1/../../../../arm-none-eabi/lib/thumb/v7e-m+fp/hard/crt0.o (__libc_init_array)
d:/at32ide/platform/tools/gcc-arm-none-eabi-10.3-2021.10/bin/../lib/gcc/arm-none-eabi/10.3.1/../../../../arm-none-eabi/lib/thumb/v7e-m+fp/hard\libg_nano.a(lib_a-memset.o)
                              d:/at32ide/platform/tools/gcc-arm-none-eabi-10.3-2021.10/bin/../lib/gcc/arm-none-eabi/10.3.1/../../../../arm-none-eabi/lib/thumb/v7e-m+fp/hard/crt0.o (memset)
d:/at32ide/platform/tools/gcc-arm-none-eabi-10.3-2021.10/bin/../lib/gcc/arm-none-eabi/10.3.1/../../../../arm-none-eabi/lib/thumb/v7e-m+fp/hard\libg_nano.a(lib_a-setvbuf.o)
                              ./bsp/at32f403a_407_board.o (setvbuf)
d:/at32ide/platform/tools/gcc-arm-none-eabi-10.3-2021.10/bin/../lib/gcc/arm-none-eabi/10.3.1/../../../../arm-none-eabi/lib/thumb/v7e-m+fp/hard\libg_nano.a(lib_a-fflush.o)
                              d:/at32ide/platform/tools/gcc-arm-none-eabi-10.3-2021.10/bin/../lib/gcc/arm-none-eabi/10.3.1/../../../../arm-none-eabi/lib/thumb/v7e-m+fp/hard\libg_nano.a(lib_a-setvbuf.o) (_fflush_r)
d:/at32ide/platform/tools/gcc-arm-none-eabi-10.3-2021.10/bin/../lib/gcc/arm-none-eabi/10.3.1/../../../../arm-none-eabi/lib/thumb/v7e-m+fp/hard\libg_nano.a(lib_a-findfp.o)
                              d:/at32ide/platform/tools/gcc-arm-none-eabi-10.3-2021.10/bin/../lib/gcc/arm-none-eabi/10.3.1/../../../../arm-none-eabi/lib/thumb/v7e-m+fp/hard\libg_nano.a(lib_a-setvbuf.o) (__sinit)
d:/at32ide/platform/tools/gcc-arm-none-eabi-10.3-2021.10/bin/../lib/gcc/arm-none-eabi/10.3.1/../../../../arm-none-eabi/lib/thumb/v7e-m+fp/hard\libg_nano.a(lib_a-fwalk.o)
                              d:/at32ide/platform/tools/gcc-arm-none-eabi-10.3-2021.10/bin/../lib/gcc/arm-none-eabi/10.3.1/../../../../arm-none-eabi/lib/thumb/v7e-m+fp/hard\libg_nano.a(lib_a-findfp.o) (_fwalk)
d:/at32ide/platform/tools/gcc-arm-none-eabi-10.3-2021.10/bin/../lib/gcc/arm-none-eabi/10.3.1/../../../../arm-none-eabi/lib/thumb/v7e-m+fp/hard\libg_nano.a(lib_a-lock.o)
                              d:/at32ide/platform/tools/gcc-arm-none-eabi-10.3-2021.10/bin/../lib/gcc/arm-none-eabi/10.3.1/../../../../arm-none-eabi/lib/thumb/v7e-m+fp/hard\libg_nano.a(lib_a-findfp.o) (__retarget_lock_init_recursive)
d:/at32ide/platform/tools/gcc-arm-none-eabi-10.3-2021.10/bin/../lib/gcc/arm-none-eabi/10.3.1/../../../../arm-none-eabi/lib/thumb/v7e-m+fp/hard\libg_nano.a(lib_a-makebuf.o)
                              d:/at32ide/platform/tools/gcc-arm-none-eabi-10.3-2021.10/bin/../lib/gcc/arm-none-eabi/10.3.1/../../../../arm-none-eabi/lib/thumb/v7e-m+fp/hard\libg_nano.a(lib_a-setvbuf.o) (__swhatbuf_r)
d:/at32ide/platform/tools/gcc-arm-none-eabi-10.3-2021.10/bin/../lib/gcc/arm-none-eabi/10.3.1/../../../../arm-none-eabi/lib/thumb/v7e-m+fp/hard\libg_nano.a(lib_a-malloc.o)
                              d:/at32ide/platform/tools/gcc-arm-none-eabi-10.3-2021.10/bin/../lib/gcc/arm-none-eabi/10.3.1/../../../../arm-none-eabi/lib/thumb/v7e-m+fp/hard\libg_nano.a(lib_a-setvbuf.o) (malloc)
d:/at32ide/platform/tools/gcc-arm-none-eabi-10.3-2021.10/bin/../lib/gcc/arm-none-eabi/10.3.1/../../../../arm-none-eabi/lib/thumb/v7e-m+fp/hard\libg_nano.a(lib_a-nano-freer.o)
                              d:/at32ide/platform/tools/gcc-arm-none-eabi-10.3-2021.10/bin/../lib/gcc/arm-none-eabi/10.3.1/../../../../arm-none-eabi/lib/thumb/v7e-m+fp/hard\libg_nano.a(lib_a-setvbuf.o) (_free_r)
d:/at32ide/platform/tools/gcc-arm-none-eabi-10.3-2021.10/bin/../lib/gcc/arm-none-eabi/10.3.1/../../../../arm-none-eabi/lib/thumb/v7e-m+fp/hard\libg_nano.a(lib_a-nano-mallocr.o)
                              d:/at32ide/platform/tools/gcc-arm-none-eabi-10.3-2021.10/bin/../lib/gcc/arm-none-eabi/10.3.1/../../../../arm-none-eabi/lib/thumb/v7e-m+fp/hard\libg_nano.a(lib_a-findfp.o) (_malloc_r)
[...]
Memory Configuration

Name             Origin             Length             Attributes
FLASH            0x08000000         0x00100000         xr
RAM              0x20000000         0x00018000         xrw
SPIM             0x08400000         0x01000000         xr
*default*        0x00000000         0xffffffff

Linker script and memory map

LOAD d:/at32ide/platform/tools/gcc-arm-none-eabi-10.3-2021.10/bin/../lib/gcc/arm-none-eabi/10.3.1/thumb/v7e-m+fp/hard/crti.o
LOAD d:/at32ide/platform/tools/gcc-arm-none-eabi-10.3-2021.10/bin/../lib/gcc/arm-none-eabi/10.3.1/thumb/v7e-m+fp/hard/crtbegin.o
LOAD d:/at32ide/platform/tools/gcc-arm-none-eabi-10.3-2021.10/bin/../lib/gcc/arm-none-eabi/10.3.1/../../../../arm-none-eabi/lib/thumb/v7e-m+fp/hard/crt0.o
LOAD ./user/at32f403a_407_clock.o
LOAD ./user/at32f403a_407_int.o
LOAD ./user/main.o
LOAD ./firmware/at32f403a_407_acc.o
LOAD ./firmware/at32f403a_407_adc.o
LOAD ./firmware/at32f403a_407_bpr.o
LOAD ./firmware/at32f403a_407_can.o
LOAD ./firmware/at32f403a_407_crc.o
LOAD ./firmware/at32f403a_407_crm.o
LOAD ./firmware/at32f403a_407_dac.o
LOAD ./firmware/at32f403a_407_debug.o
LOAD ./firmware/at32f403a_407_dma.o
LOAD ./firmware/at32f403a_407_emac.o
LOAD ./firmware/at32f403a_407_exint.o
LOAD ./firmware/at32f403a_407_flash.o
LOAD ./firmware/at32f403a_407_gpio.o
LOAD ./firmware/at32f403a_407_i2c.o
LOAD ./firmware/at32f403a_407_misc.o
LOAD ./firmware/at32f403a_407_pwc.o
LOAD ./firmware/at32f403a_407_rtc.o
LOAD ./firmware/at32f403a_407_sdio.o
LOAD ./firmware/at32f403a_407_spi.o
LOAD ./firmware/at32f403a_407_tmr.o
LOAD ./firmware/at32f403a_407_usart.o
LOAD ./firmware/at32f403a_407_usb.o
LOAD ./firmware/at32f403a_407_wdt.o
LOAD ./firmware/at32f403a_407_wwdt.o
LOAD ./firmware/at32f403a_407_xmc.o
LOAD ./cmsis/startup_at32f403a_407.o
LOAD ./cmsis/system_at32f403a_407.o
LOAD ./bsp/at32f403a_407_board.o
START GROUP
LOAD d:/at32ide/platform/tools/gcc-arm-none-eabi-10.3-2021.10/bin/../lib/gcc/arm-none-eabi/10.3.1/thumb/v7e-m+fp/hard\libgcc.a
LOAD d:/at32ide/platform/tools/gcc-arm-none-eabi-10.3-2021.10/bin/../lib/gcc/arm-none-eabi/10.3.1/../../../../arm-none-eabi/lib/thumb/v7e-m+fp/hard\libg_nano.a
LOAD d:/at32ide/platform/tools/gcc-arm-none-eabi-10.3-2021.10/bin/../lib/gcc/arm-none-eabi/10.3.1/../../../../arm-none-eabi/lib/thumb/v7e-m+fp/hard\libc_nano.a
END GROUP
START GROUP
LOAD d:/at32ide/platform/tools/gcc-arm-none-eabi-10.3-2021.10/bin/../lib/gcc/arm-none-eabi/10.3.1/thumb/v7e-m+fp/hard\libgcc.a
LOAD d:/at32ide/platform/tools/gcc-arm-none-eabi-10.3-2021.10/bin/../lib/gcc/arm-none-eabi/10.3.1/../../../../arm-none-eabi/lib/thumb/v7e-m+fp/hard\libc_nano.a
LOAD d:/at32ide/platform/tools/gcc-arm-none-eabi-10.3-2021.10/bin/../lib/gcc/arm-none-eabi/10.3.1/../../../../arm-none-eabi/lib/thumb/v7e-m+fp/hard\libnosys.a
END GROUP
START GROUP
LOAD d:/at32ide/platform/tools/gcc-arm-none-eabi-10.3-2021.10/bin/../lib/gcc/arm-none-eabi/10.3.1/thumb/v7e-m+fp/hard\libgcc.a
LOAD d:/at32ide/platform/tools/gcc-arm-none-eabi-10.3-2021.10/bin/../lib/gcc/arm-none-eabi/10.3.1/../../../../arm-none-eabi/lib/thumb/v7e-m+fp/hard\libc_nano.a
LOAD d:/at32ide/platform/tools/gcc-arm-none-eabi-10.3-2021.10/bin/../lib/gcc/arm-none-eabi/10.3.1/../../../../arm-none-eabi/lib/thumb/v7e-m+fp/hard\libnosys.a
END GROUP
LOAD d:/at32ide/platform/tools/gcc-arm-none-eabi-10.3-2021.10/bin/../lib/gcc/arm-none-eabi/10.3.1/thumb/v7e-m+fp/hard/crtend.o
LOAD d:/at32ide/platform/tools/gcc-arm-none-eabi-10.3-2021.10/bin/../lib/gcc/arm-none-eabi/10.3.1/thumb/v7e-m+fp/hard/crtn.o
                0x20018000                _estack = 0x20018000
                0x00000200                _Min_Heap_Size = 0x200
                0x00000400                _Min_Stack_Size = 0x400

.isr_vector     0x08000000      0x184
                0x08000000                . = ALIGN (0x4)
 *(.isr_vector)
 .isr_vector    0x08000000      0x184 ./cmsis/startup_at32f403a_407.o
                0x08000000                g_pfnVectors
                0x08000184                . = ALIGN (0x4)

.text           0x08000184      0x264
                0x08000184                . = ALIGN (0x4)
 *(.text)
 .text          0x08000184       0x40 d:/at32ide/platform/tools/gcc-arm-none-eabi-10.3-2021.10/bin/../lib/gcc/arm-none-eabi/10.3.1/thumb/v7e-m+fp/hard/crtbegin.o
 *(.text*)
 .text.NMI_Handler
                0x080001c4        0xe ./user/at32f403a_407_int.o
                0x080001c4                NMI_Handler
 .text.HardFault_Handler
                0x080001d2        0x6 ./user/at32f403a_407_int.o
                0x080001d2                HardFault_Handler
 .text.MemManage_Handler
                0x080001d8        0x6 ./user/at32f403a_407_int.o
                0x080001d8                MemManage_Handler
 .text.BusFault_Handler
                0x080001de        0x6 ./user/at32f403a_407_int.o
                0x080001de                BusFault_Handler
 .text.UsageFault_Handler
                0x080001e4        0x6 ./user/at32f403a_407_int.o
                0x080001e4                UsageFault_Handler
 .text.SVC_Handler
                0x080001ea        0xe ./user/at32f403a_407_int.o
                0x080001ea                SVC_Handler
 .text.DebugMon_Handler
                0x080001f8        0xe ./user/at32f403a_407_int.o
                0x080001f8                DebugMon_Handler
 .text.PendSV_Handler
                0x08000206        0xe ./user/at32f403a_407_int.o
                0x08000206                PendSV_Handler
 .text.SysTick_Handler
                0x08000214        0xe ./user/at32f403a_407_int.o
                0x08000214                SysTick_Handler
 *fill*         0x08000222        0x2 
 .text.main     0x08000224       0x38 ./user/main.o
                0x08000224                main
 .text.GPIO_Configuration
                0x0800025c       0x58 ./user/main.o
                0x0800025c                GPIO_Configuration
 .text.Reset_Handler
                0x080002b4       0x48 ./cmsis/startup_at32f403a_407.o
                0x080002b4                Reset_Handler
 .text.Default_Handler
                0x080002fc        0x2 ./cmsis/startup_at32f403a_407.o
                0x080002fc                SDIO1_IRQHandler
                0x080002fc                XMC_IRQHandler
                0x080002fc                EXINT2_IRQHandler
                0x080002fc                USBFS_L_CAN1_RX0_IRQHandler
                0x080002fc                UART8_IRQHandler
                0x080002fc                SPI4_IRQHandler
                0x080002fc                I2C2_EVT_IRQHandler
                0x080002fc                TMR1_OVF_TMR10_IRQHandler
                0x080002fc                TMR8_TRG_HALL_TMR14_IRQHandler
                0x080002fc                USBFS_H_CAN1_TX_IRQHandler
                0x080002fc                I2C1_ERR_IRQHandler
                0x080002fc                EXINT9_5_IRQHandler
                0x080002fc                EMAC_IRQHandler
                0x080002fc                CAN2_RX1_IRQHandler
                0x080002fc                TMR5_GLOBAL_IRQHandler
                0x080002fc                SDIO2_IRQHandler
                0x080002fc                ADC1_2_IRQHandler
                0x080002fc                SPI1_IRQHandler
                0x080002fc                TAMPER_IRQHandler
                0x080002fc                CAN2_RX0_IRQHandler
                0x080002fc                DMA2_Channel2_IRQHandler
                0x080002fc                DMA1_Channel4_IRQHandler
                0x080002fc                TMR8_CH_IRQHandler
                0x080002fc                USART6_IRQHandler
                0x080002fc                EXINT0_IRQHandler
                0x080002fc                USART3_IRQHandler
                0x080002fc                RTC_IRQHandler
                0x080002fc                DMA1_Channel7_IRQHandler
                0x080002fc                CAN1_RX1_IRQHandler
                0x080002fc                UART5_IRQHandler
                0x080002fc                ADC3_IRQHandler
                0x080002fc                ACC_IRQHandler
                0x080002fc                EMAC_WKUP_IRQHandler
                0x080002fc                DMA2_Channel1_IRQHandler
                0x080002fc                EXINT3_IRQHandler
                0x080002fc                DMA1_Channel6_IRQHandler
                0x080002fc                UART4_IRQHandler
                0x080002fc                DMA1_Channel1_IRQHandler
                0x080002fc                Default_Handler
                0x080002fc                USBFS_MAPH_IRQHandler
                0x080002fc                TMR3_GLOBAL_IRQHandler
                0x080002fc                TMR7_GLOBAL_IRQHandler
                0x080002fc                CAN1_SE_IRQHandler
                0x080002fc                CAN2_TX_IRQHandler
                0x080002fc                I2C3_ERR_IRQHandler
                0x080002fc                SPI3_I2S3EXT_IRQHandler
                0x080002fc                TMR1_BRK_TMR9_IRQHandler
                0x080002fc                USBFS_MAPL_IRQHandler
                0x080002fc                TMR8_BRK_TMR12_IRQHandler
                0x080002fc                TMR1_TRG_HALL_TMR11_IRQHandler
                0x080002fc                DMA1_Channel5_IRQHandler
                0x080002fc                TMR4_GLOBAL_IRQHandler
                0x080002fc                EXINT4_IRQHandler
                0x080002fc                CAN2_SE_IRQHandler
                0x080002fc                DMA2_Channel6_7_IRQHandler
                0x080002fc                PVM_IRQHandler
                0x080002fc                I2C3_EVT_IRQHandler
                0x080002fc                DMA1_Channel3_IRQHandler
                0x080002fc                I2C1_EVT_IRQHandler
                0x080002fc                TMR8_OVF_TMR13_IRQHandler
                0x080002fc                TMR6_GLOBAL_IRQHandler
                0x080002fc                EXINT1_IRQHandler
                0x080002fc                RTCAlarm_IRQHandler
                0x080002fc                DMA2_Channel4_5_IRQHandler
                0x080002fc                UART7_IRQHandler
                0x080002fc                USART2_IRQHandler
                0x080002fc                DMA1_Channel2_IRQHandler
                0x080002fc                TMR2_GLOBAL_IRQHandler
                0x080002fc                FLASH_IRQHandler
                0x080002fc                SPI2_I2S2EXT_IRQHandler
                0x080002fc                I2C2_ERR_IRQHandler
                0x080002fc                USBFSWakeUp_IRQHandler
                0x080002fc                USART1_IRQHandler
                0x080002fc                TMR1_CH_IRQHandler
                0x080002fc                CRM_IRQHandler
                0x080002fc                EXINT15_10_IRQHandler
                0x080002fc                WWDT_IRQHandler
                0x080002fc                DMA2_Channel3_IRQHandler
 *fill*         0x080002fe        0x2 
 .text.SystemInit
                0x08000300       0x88 ./cmsis/system_at32f403a_407.o
                0x08000300                SystemInit
 .text.__libc_init_array
                0x08000388       0x48 d:/at32ide/platform/tools/gcc-arm-none-eabi-10.3-2021.10/bin/../lib/gcc/arm-none-eabi/10.3.1/../../../../arm-none-eabi/lib/thumb/v7e-m+fp/hard\libg_nano.a(lib_a-init.o)
                0x08000388                __libc_init_array
 *(.glue_7)
 .glue_7        0x080003d0        0x0 linker stubs
 *(.glue_7t)
 .glue_7t       0x080003d0        0x0 linker stubs
 *(.eh_frame)
 .eh_frame      0x080003d0        0x0 d:/at32ide/platform/tools/gcc-arm-none-eabi-10.3-2021.10/bin/../lib/gcc/arm-none-eabi/10.3.1/thumb/v7e-m+fp/hard/crtbegin.o
 *(.init)
 .init          0x080003d0        0x4 d:/at32ide/platform/tools/gcc-arm-none-eabi-10.3-2021.10/bin/../lib/gcc/arm-none-eabi/10.3.1/thumb/v7e-m+fp/hard/crti.o
                0x080003d0                _init
 .init          0x080003d4        0x8 d:/at32ide/platform/tools/gcc-arm-none-eabi-10.3-2021.10/bin/../lib/gcc/arm-none-eabi/10.3.1/thumb/v7e-m+fp/hard/crtn.o
 *(.fini)
 .fini          0x080003dc        0x4 d:/at32ide/platform/tools/gcc-arm-none-eabi-10.3-2021.10/bin/../lib/gcc/arm-none-eabi/10.3.1/thumb/v7e-m+fp/hard/crti.o
                0x080003dc                _fini
 .fini          0x080003e0        0x8 d:/at32ide/platform/tools/gcc-arm-none-eabi-10.3-2021.10/bin/../lib/gcc/arm-none-eabi/10.3.1/thumb/v7e-m+fp/hard/crtn.o
                0x080003e8                . = ALIGN (0x4)
                0x080003e8                _etext = .

.vfp11_veneer   0x080003e8        0x0
 .vfp11_veneer  0x080003e8        0x0 linker stubs

.v4_bx          0x080003e8        0x0
 .v4_bx         0x080003e8        0x0 linker stubs

.iplt           0x080003e8        0x0
 .iplt          0x080003e8        0x0 d:/at32ide/platform/tools/gcc-arm-none-eabi-10.3-2021.10/bin/../lib/gcc/arm-none-eabi/10.3.1/thumb/v7e-m+fp/hard/crtbegin.o

.rel.dyn        0x080003e8        0x0
 .rel.iplt      0x080003e8        0x0 d:/at32ide/platform/tools/gcc-arm-none-eabi-10.3-2021.10/bin/../lib/gcc/arm-none-eabi/10.3.1/thumb/v7e-m+fp/hard/crtbegin.o

.rodata         0x080003e8        0x0
                0x080003e8                . = ALIGN (0x4)
 *(.rodata)
 *(.rodata*)
                0x080003e8                . = ALIGN (0x4)

.ARM.extab
 *(.ARM.extab* .gnu.linkonce.armextab.*)

.ARM            0x080003e8        0x0
                0x080003e8                __exidx_start = .
 *(.ARM.exidx*)
                0x080003e8                __exidx_end = .

.preinit_array  0x080003e8        0x0
                0x080003e8                PROVIDE (__preinit_array_start = .)
 *(.preinit_array*)
                0x080003e8                PROVIDE (__preinit_array_end = .)

.init_array     0x080003e8        0x4
                0x080003e8                PROVIDE (__init_array_start = .)
 *(SORT_BY_NAME(.init_array.*))
 *(.init_array*)
 .init_array    0x080003e8        0x4 d:/at32ide/platform/tools/gcc-arm-none-eabi-10.3-2021.10/bin/../lib/gcc/arm-none-eabi/10.3.1/thumb/v7e-m+fp/hard/crtbegin.o
                0x080003ec                PROVIDE (__init_array_end = .)

.fini_array     0x080003ec        0x4
                [!provide]                PROVIDE (__fini_array_start = .)
 *(SORT_BY_NAME(.fini_array.*))
 *(.fini_array*)
 .fini_array    0x080003ec        0x4 d:/at32ide/platform/tools/gcc-arm-none-eabi-10.3-2021.10/bin/../lib/gcc/arm-none-eabi/10.3.1/thumb/v7e-m+fp/hard/crtbegin.o
                [!provide]                PROVIDE (__fini_array_end = .)
                0x080003f0                _sidata = LOADADDR (.data)

.data           0x20000000        0xc load address 0x080003f0
                0x20000000                . = ALIGN (0x4)
                0x20000000                _sdata = .
 *(.data)
 .data          0x20000000        0xc ./user/main.o
                0x20000000                My_RCC
                0x20000004                PORTA
                0x20000008                PORTD
 *(.data*)
                0x2000000c                . = ALIGN (0x4)
                0x2000000c                _edata = .
                0x08400000                _spim_init_base = LOADADDR (.spim)
                0x00000000                _spim_init_length = SIZEOF (.spim)

.igot.plt       0x2000000c        0x0 load address 0x080003fc
 .igot.plt      0x2000000c        0x0 d:/at32ide/platform/tools/gcc-arm-none-eabi-10.3-2021.10/bin/../lib/gcc/arm-none-eabi/10.3.1/thumb/v7e-m+fp/hard/crtbegin.o

.spim           0x08400000        0x0
                0x08400000                . = ALIGN (0x4)
                0x08400000                _spim_start = .
 *(.spim)
 *(.spim*)
                0x08400000                . = ALIGN (0x4)
                0x08400000                _spim_end = .
                0x08400000                . = ALIGN (0x4)

.bss            0x2000000c       0x1c
                0x2000000c                _sbss = .
                0x2000000c                __bss_start__ = _sbss
 *(.bss)
 .bss           0x2000000c       0x1c d:/at32ide/platform/tools/gcc-arm-none-eabi-10.3-2021.10/bin/../lib/gcc/arm-none-eabi/10.3.1/thumb/v7e-m+fp/hard/crtbegin.o
 *(.bss*)
 *(COMMON)
                0x20000028                . = ALIGN (0x4)
                0x20000028                _ebss = .
                0x20000028                __bss_end__ = _ebss

._user_heap_stack
                0x20000028      0x600
                0x20000028                . = ALIGN (0x8)
                0x20000028                PROVIDE (end = .)
                [!provide]                PROVIDE (_end = .)
                0x20000228                . = (. + _Min_Heap_Size)
 *fill*         0x20000028      0x200 
                0x20000628                . = (. + _Min_Stack_Size)
 *fill*         0x20000228      0x400 
                0x20000628                . = ALIGN (0x8)

/DISCARD/
 libc.a(*)
 libm.a(*)
 libgcc.a(*)

.ARM.attributes
                0x00000000       0x30
 *(.ARM.attributes)
 .ARM.attributes
                0x00000000       0x1e d:/at32ide/platform/tools/gcc-arm-none-eabi-10.3-2021.10/bin/../lib/gcc/arm-none-eabi/10.3.1/thumb/v7e-m+fp/hard/crti.o
 .ARM.attributes
                0x0000001e       0x34 d:/at32ide/platform/tools/gcc-arm-none-eabi-10.3-2021.10/bin/../lib/gcc/arm-none-eabi/10.3.1/thumb/v7e-m+fp/hard/crtbegin.o
 .ARM.attributes
                0x00000052       0x34 ./user/at32f403a_407_int.o
 .ARM.attributes
                0x00000086       0x34 ./user/main.o
 .ARM.attributes
                0x000000ba       0x21 ./cmsis/startup_at32f403a_407.o
 .ARM.attributes
                0x000000db       0x34 ./cmsis/system_at32f403a_407.o
 .ARM.attributes
                0x0000010f       0x34 d:/at32ide/platform/tools/gcc-arm-none-eabi-10.3-2021.10/bin/../lib/gcc/arm-none-eabi/10.3.1/../../../../arm-none-eabi/lib/thumb/v7e-m+fp/hard\libg_nano.a(lib_a-init.o)
 .ARM.attributes
                0x00000143       0x1e d:/at32ide/platform/tools/gcc-arm-none-eabi-10.3-2021.10/bin/../lib/gcc/arm-none-eabi/10.3.1/thumb/v7e-m+fp/hard/crtn.o
OUTPUT(LED_control.elf elf32-littlearm)
LOAD linker stubs
LOAD d:/at32ide/platform/tools/gcc-arm-none-eabi-10.3-2021.10/bin/../lib/gcc/arm-none-eabi/10.3.1/../../../../arm-none-eabi/lib/thumb/v7e-m+fp/hard\libc.a
LOAD d:/at32ide/platform/tools/gcc-arm-none-eabi-10.3-2021.10/bin/../lib/gcc/arm-none-eabi/10.3.1/../../../../arm-none-eabi/lib/thumb/v7e-m+fp/hard\libm.a
LOAD d:/at32ide/platform/tools/gcc-arm-none-eabi-10.3-2021.10/bin/../lib/gcc/arm-none-eabi/10.3.1/thumb/v7e-m+fp/hard\libgcc.a

.debug_info     0x00000000     0x195c
 .debug_info    0x00000000      0x10e ./user/at32f403a_407_int.o
 .debug_info    0x0000010e      0x296 ./user/main.o
 .debug_info    0x000003a4       0x22 ./cmsis/startup_at32f403a_407.o
 .debug_info    0x000003c6     0x1596 ./cmsis/system_at32f403a_407.o

.debug_abbrev   0x00000000      0x2c6
 .debug_abbrev  0x00000000       0x44 ./user/at32f403a_407_int.o
 .debug_abbrev  0x00000044       0xe9 ./user/main.o
 .debug_abbrev  0x0000012d       0x12 ./cmsis/startup_at32f403a_407.o
 .debug_abbrev  0x0000013f      0x187 ./cmsis/system_at32f403a_407.o

.debug_aranges  0x00000000       0xe0
 .debug_aranges
                0x00000000       0x60 ./user/at32f403a_407_int.o
 .debug_aranges
                0x00000060       0x30 ./user/main.o
 .debug_aranges
                0x00000090       0x28 ./cmsis/startup_at32f403a_407.o
 .debug_aranges
                0x000000b8       0x28 ./cmsis/system_at32f403a_407.o

.debug_ranges   0x00000000       0xa8
 .debug_ranges  0x00000000       0x50 ./user/at32f403a_407_int.o
 .debug_ranges  0x00000050       0x20 ./user/main.o
 .debug_ranges  0x00000070       0x20 ./cmsis/startup_at32f403a_407.o
 .debug_ranges  0x00000090       0x18 ./cmsis/system_at32f403a_407.o

.debug_line     0x00000000      0x61b
 .debug_line    0x00000000       0xfc ./user/at32f403a_407_int.o
 .debug_line    0x000000fc      0x16a ./user/main.o
 .debug_line    0x00000266       0x7c ./cmsis/startup_at32f403a_407.o
 .debug_line    0x000002e2      0x339 ./cmsis/system_at32f403a_407.o

.debug_str      0x00000000      0xd0b
 .debug_str     0x00000000      0x1d3 ./user/at32f403a_407_int.o
                                0x207 (size before relaxing)
 .debug_str     0x000001d3      0x18c ./user/main.o
                                0x2bb (size before relaxing)
 .debug_str     0x0000035f       0x2f ./cmsis/startup_at32f403a_407.o
                                 0x72 (size before relaxing)
 .debug_str     0x0000038e      0x97d ./cmsis/system_at32f403a_407.o
                                0xb0b (size before relaxing)

.comment        0x00000000       0x49
 .comment       0x00000000       0x49 ./user/at32f403a_407_int.o
                                 0x4a (size before relaxing)
 .comment       0x00000049       0x4a ./user/main.o
 .comment       0x00000049       0x4a ./cmsis/system_at32f403a_407.o

.debug_frame    0x00000000      0x204
 .debug_frame   0x00000000      0x110 ./user/at32f403a_407_int.o
 .debug_frame   0x00000110       0x74 ./user/main.o
 .debug_frame   0x00000184       0x54 ./cmsis/system_at32f403a_407.o
 .debug_frame   0x000001d8       0x2c d:/at32ide/platform/tools/gcc-arm-none-eabi-10.3-2021.10/bin/../lib/gcc/arm-none-eabi/10.3.1/../../../../arm-none-eabi/lib/thumb/v7e-m+fp/hard\libg_nano.a(lib_a-init.o)

.stabstr        0x00000000      0x117
 .stabstr       0x00000000      0x117 d:/at32ide/platform/tools/gcc-arm-none-eabi-10.3-2021.10/bin/../lib/gcc/arm-none-eabi/10.3.1/../../../../arm-none-eabi/lib/thumb/v7e-m+fp/hard\libnosys.a(close.o)
